TAP version 13
# Subtest: W766A world seed is deterministic and privacy safe
ok 1 - W766A world seed is deterministic and privacy safe
  ---
  duration_ms: 3.163876
  type: 'test'
  ...
# Subtest: W766A initial state and map expose truthful Gateway Overlook
ok 2 - W766A initial state and map expose truthful Gateway Overlook
  ---
  duration_ms: 0.958878
  type: 'test'
  ...
# Subtest: W766A persistence normalizes duplicate receipts
ok 3 - W766A persistence normalizes duplicate receipts
  ---
  duration_ms: 1.982
  type: 'test'
  ...
# Subtest: W766A persistence strips unknown and private fields while retaining canonical ledgers
ok 4 - W766A persistence strips unknown and private fields while retaining canonical ledgers
  ---
  duration_ms: 1.392406
  type: 'test'
  ...
# Subtest: W766IR2-G Expanse movement remains finite without inheriting the Command Hub hard radius
ok 5 - W766IR2-G Expanse movement remains finite without inheriting the Command Hub hard radius
  ---
  duration_ms: 0.564848
  type: 'test'
  ...
# Subtest: W767A persistence migrates an entered legacy campaign before objective sanitization
ok 6 - W767A persistence migrates an entered legacy campaign before objective sanitization
  ---
  duration_ms: 1.071628
  type: 'test'
  ...
# Subtest: W766A is integrated into the maintained single Babylon runtime
ok 7 - W766A is integrated into the maintained single Babylon runtime
  ---
  duration_ms: 2.832949
  type: 'test'
  ...
# Subtest: Expanse gate requires review before a separate explicit Enter action
ok 8 - Expanse gate requires review before a separate explicit Enter action
  ---
  duration_ms: 1.038681
  type: 'test'
  ...
# Subtest: Return restores player and camera from the captured snapshot
ok 9 - Return restores player and camera from the captured snapshot
  ---
  duration_ms: 0.890203
  type: 'test'
  ...
# Subtest: W766A requires review and explicit entry before loading
ok 10 - W766A requires review and explicit entry before loading
  ---
  duration_ms: 2.269041
  type: 'test'
  ...
# Subtest: W766A safely cancels entry review when the player navigates away
ok 11 - W766A safely cancels entry review when the player navigates away
  ---
  duration_ms: 3.152385
  type: 'test'
  ...
# Subtest: W766A supports canonical-scene activation and deterministic safe return
ok 12 - W766A supports canonical-scene activation and deterministic safe return
  ---
  duration_ms: 0.971147
  type: 'test'
  ...
# Subtest: W766A fails safely to Hub without a second runtime
ok 13 - W766A fails safely to Hub without a second runtime
  ---
  duration_ms: 1.289483
  type: 'test'
  ...
# Subtest: W766A return snapshot stores only privacy-safe mission progress
ok 14 - W766A return snapshot stores only privacy-safe mission progress
  ---
  duration_ms: 1.937436
  type: 'test'
  ...
# Subtest: W766B uses one canonical five-zone Signal Frontier contract
ok 15 - W766B uses one canonical five-zone Signal Frontier contract
  ---
  duration_ms: 2.391183
  type: 'test'
  ...
# Subtest: W766B mounts authored routes and landmark families
ok 16 - W766B mounts authored routes and landmark families
  ---
  duration_ms: 0.329951
  type: 'test'
  ...
# Subtest: W766B reconstructs partial and completed world state from persistence
ok 17 - W766B reconstructs partial and completed world state from persistence
  ---
  duration_ms: 0.672718
  type: 'test'
  ...
# Subtest: W766B/C remain inside the canonical runtime lifecycle
ok 18 - W766B/C remain inside the canonical runtime lifecycle
  ---
  duration_ms: 4.576958
  type: 'test'
  ...
# Subtest: W766C sector generation is stable for a seed and coordinate
ok 19 - W766C sector generation is stable for a seed and coordinate
  ---
  duration_ms: 17.938442
  type: 'test'
  ...
# Subtest: W766C neighboring sectors share reciprocal edge contracts
ok 20 - W766C neighboring sectors share reciprocal edge contracts
  ---
  duration_ms: 10.476315
  type: 'test'
  ...
# Subtest: W766C streamer mounts rings inside aggregate budget and disposes sectors left behind
ok 21 - W766C streamer mounts rings inside aggregate budget and disposes sectors left behind
  ---
  duration_ms: 13.397757
  type: 'test'
  ...
# Subtest: W766C rejects a sector that exceeds active quality budget
ok 22 - W766C rejects a sector that exceeds active quality budget
  ---
  duration_ms: 0.757733
  type: 'test'
  ...
# Subtest: all named NPC route graphs pass bounded validation
ok 23 - all named NPC route graphs pass bounded validation
  ---
  duration_ms: 1.842703
  type: 'test'
  ...
# Subtest: route validation rejects blocked points and unsafe jumps
ok 24 - route validation rejects blocked points and unsafe jumps
  ---
  duration_ms: 0.482301
  type: 'test'
  ...
# Subtest: route sampling is deterministic and finite
ok 25 - route sampling is deterministic and finite
  ---
  duration_ms: 4.239371
  type: 'test'
  ...
# Subtest: runtime integrates missions, regional Transit and named NPC interactions
ok 26 - runtime integrates missions, regional Transit and named NPC interactions
  ---
  duration_ms: 3.232183
  type: 'test'
  ...
# Subtest: Gateway Overlook mounts NPC authority inside the canonical scene root
ok 27 - Gateway Overlook mounts NPC authority inside the canonical scene root
  ---
  duration_ms: 0.463994
  type: 'test'
  ...
# Subtest: no second Engine, Scene, canvas or render loop appears in W766 modules
ok 28 - no second Engine, Scene, canvas or render loop appears in W766 modules
  ---
  duration_ms: 4.958083
  type: 'test'
  ...
# Subtest: Companion rescue and Beyond the Gate complete once, award XP once and unlock First Light
ok 29 - Companion rescue and Beyond the Gate complete once, award XP once and unlock First Light
  ---
  duration_ms: 17.185729
  type: 'test'
  ...
# Subtest: First Light cannot start early and requires every objective
ok 30 - First Light cannot start early and requires every objective
  ---
  duration_ms: 4.130354
  type: 'test'
  ...
# Subtest: mission state survives reconstruction without duplicate XP
ok 31 - mission state survives reconstruction without duplicate XP
  ---
  duration_ms: 4.699862
  type: 'test'
  ...
# Subtest: campaign exposes seven ordered missions with the companion rescue first
ok 32 - campaign exposes seven ordered missions with the companion rescue first
  ---
  duration_ms: 6.817123
  type: 'test'
  ...
# Subtest: archive and transit missions award canonical XP once
ok 33 - archive and transit missions award canonical XP once
  ---
  duration_ms: 14.70492
  type: 'test'
  ...
# Subtest: reconstructed ledger rejects duplicate archive and transit awards
ok 34 - reconstructed ledger rejects duplicate archive and transit awards
  ---
  duration_ms: 6.481391
  type: 'test'
  ...
# Subtest: mission board exposes only the current unlocked objective guidance
ok 35 - mission board exposes only the current unlocked objective guidance
  ---
  duration_ms: 3.260796
  type: 'test'
  ...
# w766f living content tests passed
# Subtest: tests/unit/w766f-living-content.test.mjs
ok 11 - tests/unit/w766f-living-content.test.mjs
  ---
  duration_ms: 163.243031
  type: 'test'
  ...
# Subtest: audio director is explicit-user-action gated and changes zone without media files
ok 37 - audio director is explicit-user-action gated and changes zone without media files
  ---
  duration_ms: 6.629786
  type: 'test'
  ...
# Subtest: audio director fails closed when Web Audio is unavailable
ok 38 - audio director fails closed when Web Audio is unavailable
  ---
  duration_ms: 0.91469
  type: 'test'
  ...
# Subtest: full seven-mission campaign awards XP once and exposes completion
ok 39 - full seven-mission campaign awards XP once and exposes completion
  ---
  duration_ms: 15.458822
  type: 'test'
  ...
# Subtest: Signal Vanguard reward requires real Vault chamber entry and is idempotent
ok 40 - Signal Vanguard reward requires real Vault chamber entry and is idempotent
  ---
  duration_ms: 4.27091
  type: 'test'
  ...
# Subtest: missions and objectives reject locked or out-of-order completion
ok 41 - missions and objectives reject locked or out-of-order completion
  ---
  duration_ms: 0.913908
  type: 'test'
  ...
# Subtest: campaign receipt atomically completes final objective and cannot be confirmed twice
ok 42 - campaign receipt atomically completes final objective and cannot be confirmed twice
  ---
  duration_ms: 4.588207
  type: 'test'
  ...
# Subtest: Signal Vanguard selection drives one persistent canonical-player cosmetic
ok 43 - Signal Vanguard selection drives one persistent canonical-player cosmetic
  ---
  duration_ms: 2.753181
  type: 'test'
  ...
# w766g presentation tests passed
# Subtest: tests/unit/w766g-presentation.test.mjs
ok 15 - tests/unit/w766g-presentation.test.mjs
  ---
  duration_ms: 145.862155
  type: 'test'
  ...
# Subtest: W766G visual director applies bounded zone atmosphere and restores Hub scene state
ok 45 - W766G visual director applies bounded zone atmosphere and restores Hub scene state
  ---
  duration_ms: 1.561742
  type: 'test'
  ...
# Subtest: maintained runtime activates, updates, restores and disposes Expanse visuals
ok 46 - maintained runtime activates, updates, restores and disposes Expanse visuals
  ---
  duration_ms: 1.933846
  type: 'test'
  ...
# Subtest: W766D maps all three named NPCs to maintained animated W649 assets
ok 47 - W766D maps all three named NPCs to maintained animated W649 assets
  ---
  duration_ms: 2.082948
  type: 'test'
  ...
# Subtest: W766D keeps truthful fallback, grounding, click animation and asset disposal behavior
ok 48 - W766D keeps truthful fallback, grounding, click animation and asset disposal behavior
  ---
  duration_ms: 3.385812
  type: 'test'
  ...
# Subtest: Gateway Overlook defers verified W649 hero and NPC assets until explicit entry
ok 49 - Gateway Overlook defers verified W649 hero and NPC assets until explicit entry
  ---
  duration_ms: 0.648035
  type: 'test'
  ...
# Subtest: physical Signal Frontier interaction order completes all seven missions without developer APIs
ok 50 - physical Signal Frontier interaction order completes all seven missions without developer APIs
  ---
  duration_ms: 22.770678
  type: 'test'
  ...
# Subtest: an early physical zone signal is not consumed and can succeed when its mission becomes active
ok 51 - an early physical zone signal is not consumed and can succeed when its mission becomes active
  ---
  duration_ms: 1.585253
  type: 'test'
  ...
# Subtest: objective guidance provides target, distance and near interaction prompt
ok 52 - objective guidance provides target, distance and near interaction prompt
  ---
  duration_ms: 1.962237
  type: 'test'
  ...
# Subtest: primary authored route chain passes browser-world clearance budget
ok 53 - primary authored route chain passes browser-world clearance budget
  ---
  duration_ms: 0.426394
  type: 'test'
  ...
# Subtest: regional transit journey interpolates and completes without teleport-only state
ok 54 - regional transit journey interpolates and completes without teleport-only state
  ---
  duration_ms: 4.189906
  type: 'test'
  ...
# w766h runtime health tests passed
# Subtest: tests/unit/w766h-runtime-health.test.mjs
ok 20 - tests/unit/w766h-runtime-health.test.mjs
  ---
  duration_ms: 134.989376
  type: 'test'
  ...
# Subtest: runtime integrates one-scene objective marker and staged Transit journey
ok 56 - runtime integrates one-scene objective marker and staged Transit journey
  ---
  duration_ms: 3.870282
  type: 'test'
  ...
# Subtest: physical side, discovery, productive and event anchors use one canonical scene
ok 57 - physical side, discovery, productive and event anchors use one canonical scene
  ---
  duration_ms: 0.916671
  type: 'test'
  ...
# w766h ui overlay integration tests passed
# Subtest: tests/unit/w766h-ui-overlay-integration.test.mjs
ok 22 - tests/unit/w766h-ui-overlay-integration.test.mjs
  ---
  duration_ms: 158.577808
  type: 'test'
  ...
# Subtest: W766I gives every authored Signal Frontier zone a verified W649 hero landmark
ok 59 - W766I gives every authored Signal Frontier zone a verified W649 hero landmark
  ---
  duration_ms: 3.478689
  type: 'test'
  ...
# Subtest: W766I preserves route-light quality while limiting Balanced duplicate geometry
ok 60 - W766I preserves route-light quality while limiting Balanced duplicate geometry
  ---
  duration_ms: 0.45262
  type: 'test'
  ...
# Subtest: W766I sectors inherit the certified W667 world grammar deterministically
ok 61 - W766I sectors inherit the certified W667 world grammar deterministically
  ---
  duration_ms: 7.184956
  type: 'test'
  ...
# Subtest: W766I continuity composes macro regions, skyline, population and discoveries without a hard border
ok 62 - W766I continuity composes macro regions, skyline, population and discoveries without a hard border
  ---
  duration_ms: 34.159777
  type: 'test'
  ...
# Subtest: frontier contracts and procedural discoveries are review-first, canonical-XP and idempotent
ok 63 - frontier contracts and procedural discoveries are review-first, canonical-XP and idempotent
  ---
  duration_ms: 7.74313
  type: 'test'
  ...
# Subtest: W766I living-frontier state round-trips through the privacy whitelist only
ok 64 - W766I living-frontier state round-trips through the privacy whitelist only
  ---
  duration_ms: 3.967389
  type: 'test'
  ...
# Subtest: W766I integrates the proven world grammar into the existing canonical runtime
ok 65 - W766I integrates the proven world grammar into the existing canonical runtime
  ---
  duration_ms: 4.965094
  type: 'test'
  ...
# Subtest: W766I does not introduce another engine, scene, canvas or render loop
ok 66 - W766I does not introduce another engine, scene, canvas or render loop
  ---
  duration_ms: 1.334682
  type: 'test'
  ...
# Subtest: W766I generated content stays truthful and protected from authored-zone overlap
ok 67 - W766I generated content stays truthful and protected from authored-zone overlap
  ---
  duration_ms: 0.728017
  type: 'test'
  ...
# Subtest: W766IR2-C replaces every double-sided W750 text plane with two front-only faces
ok 68 - W766IR2-C replaces every double-sided W750 text plane with two front-only faces
  ---
  duration_ms: 7.611131
  type: 'test'
  ...
# Subtest: W766IR2-C gives front and rear faces independent textures and the same maintained interaction
ok 69 - W766IR2-C gives front and rear faces independent textures and the same maintained interaction
  ---
  duration_ms: 0.587001
  type: 'test'
  ...
# Subtest: W766IR2-C paints asymmetric rendered calibration on both independent faces
ok 70 - W766IR2-C paints asymmetric rendered calibration on both independent faces
  ---
  duration_ms: 0.395122
  type: 'test'
  ...
# Subtest: W766IR2-A has one canonical Hub Expanse Gate and no Garden or duplicate Overlook authority
ok 71 - W766IR2-A has one canonical Hub Expanse Gate and no Garden or duplicate Overlook authority
  ---
  duration_ms: 4.476739
  type: 'test'
  ...
# Subtest: W766IR2-A interaction registry is built from the canonical Gate and removes the stale sealed gateway
ok 72 - W766IR2-A interaction registry is built from the canonical Gate and removes the stale sealed gateway
  ---
  duration_ms: 1.102629
  type: 'test'
  ...
# Subtest: W766IR2-A world mode still requires separate explicit review, entry and cancel actions
ok 73 - W766IR2-A world mode still requires separate explicit review, entry and cancel actions
  ---
  duration_ms: 1.277196
  type: 'test'
  ...
# Subtest: W766IR2-A routes menu, physical interaction and mission guidance to one visible review dialog
ok 74 - W766IR2-A routes menu, physical interaction and mission guidance to one visible review dialog
  ---
  duration_ms: 1.378381
  type: 'test'
  ...
# Subtest: W766IR2-A Relay opens measured City Readiness rather than an inspect-only fake repair
ok 75 - W766IR2-A Relay opens measured City Readiness rather than an inspect-only fake repair
  ---
  duration_ms: 0.585706
  type: 'test'
  ...
# Subtest: W766IR2-F rewrites mutable City binaries to hash-bearing immutable URLs and removes originals
ok 76 - W766IR2-F rewrites mutable City binaries to hash-bearing immutable URLs and removes originals
  ---
  duration_ms: 28.14527
  type: 'test'
  ...
# Subtest: W766IR2-F unchanged bytes keep the same immutable URL and changed bytes receive a new URL
ok 77 - W766IR2-F unchanged bytes keep the same immutable URL and changed bytes receive a new URL
  ---
  duration_ms: 9.736711
  type: 'test'
  ...
# Subtest: W766IR2-F audit fails closed on any emitted un-hashed City binary or reference
ok 78 - W766IR2-F audit fails closed on any emitted un-hashed City binary or reference
  ---
  duration_ms: 3.098791
  type: 'test'
  ...
# Subtest: W766IR2-F rewrites relative glTF buffer references to their immutable hash-bearing companions
ok 79 - W766IR2-F rewrites relative glTF buffer references to their immutable hash-bearing companions
  ---
  duration_ms: 3.896762
  type: 'test'
  ...
# Subtest: W766IR2-F audit rejects a hash-bearing filename whose bytes no longer match its embedded digest
ok 80 - W766IR2-F audit rejects a hash-bearing filename whose bytes no longer match its embedded digest
  ---
  duration_ms: 6.329208
  type: 'test'
  ...
# Subtest: W766IR2-F source gate passes without pretending Preview or production certification occurred
ok 81 - W766IR2-F source gate passes without pretending Preview or production certification occurred
  ---
  duration_ms: 35.047988
  type: 'test'
  ...
# Subtest: W766IR2-F fail-closed browser mode rejects missing, malformed or production-changing proof
ok 82 - W766IR2-F fail-closed browser mode rejects missing, malformed or production-changing proof
  ---
  duration_ms: 22.812266
  type: 'test'
  ...
# Subtest: W766IR2-F accepts only the complete Preview proof matrix and authenticated full-offline receipt
ok 83 - W766IR2-F accepts only the complete Preview proof matrix and authenticated full-offline receipt
  ---
  duration_ms: 28.006885
  type: 'test'
  ...
# Subtest: W766IR2-H consumes each install prompt once and requires an active explicit gesture
ok 84 - W766IR2-H consumes each install prompt once and requires an active explicit gesture
  ---
  duration_ms: 42.230501
  type: 'test'
  ...
# Subtest: W766IR2-H clears a rejected browser prompt instead of retrying the stale event
ok 85 - W766IR2-H clears a rejected browser prompt instead of retrying the stale event
  ---
  duration_ms: 9.827884
  type: 'test'
  ...
# Subtest: W766IR2-H never treats transient geometry as authority over a logically open Menu
ok 86 - W766IR2-H never treats transient geometry as authority over a logically open Menu
  ---
  duration_ms: 4.610605
  type: 'test'
  ...
# Subtest: W766IR2-H protects maintained transitions and active successor surfaces
ok 87 - W766IR2-H protects maintained transitions and active successor surfaces
  ---
  duration_ms: 0.663619
  type: 'test'
  ...
# Subtest: W766IR2-H still recovers a mature lease after the controller closes and the root disappears
ok 88 - W766IR2-H still recovers a mature lease after the controller closes and the root disappears
  ---
  duration_ms: 0.420179
  type: 'test'
  ...
# Subtest: W766IR2-H leaves a controller-closed but still visible surface for explicit reconciliation instead of auto-closing it
ok 89 - W766IR2-H leaves a controller-closed but still visible surface for explicit reconciliation instead of auto-closing it
  ---
  duration_ms: 0.354574
  type: 'test'
  ...
# Subtest: W766IR2-H runtime exposes controller lifecycle separately from geometry diagnostics
ok 90 - W766IR2-H runtime exposes controller lifecycle separately from geometry diagnostics
  ---
  duration_ms: 1.097888
  type: 'test'
  ...
# Subtest: W766IR2-H moves focus out before hiding maintained dialogs
ok 91 - W766IR2-H moves focus out before hiding maintained dialogs
  ---
  duration_ms: 0.892347
  type: 'test'
  ...
# Subtest: W766IR2-H Accessible Map and Readiness use the same focus-safe lifecycle contract
ok 92 - W766IR2-H Accessible Map and Readiness use the same focus-safe lifecycle contract
  ---
  duration_ms: 0.486854
  type: 'test'
  ...
# Subtest: W766IR2-H provides explicit atomic Menu routes to Transit and Readiness
ok 93 - W766IR2-H provides explicit atomic Menu routes to Transit and Readiness
  ---
  duration_ms: 1.325626
  type: 'test'
  ...
# Subtest: W766IR2-H headed-browser contract waits beyond grace and exercises visible Menu handoffs
ok 94 - W766IR2-H headed-browser contract waits beyond grace and exercises visible Menu handoffs
  ---
  duration_ms: 6.104911
  type: 'test'
  ...
# Subtest: W766IR2-H supports repeated Menu and Map lease cycles without stale owners
ok 95 - W766IR2-H supports repeated Menu and Map lease cycles without stale owners
  ---
  duration_ms: 2.190348
  type: 'test'
  ...
# Subtest: W766IR2-H preserves raw spatial and FPS evidence for headed-browser diagnosis
ok 96 - W766IR2-H preserves raw spatial and FPS evidence for headed-browser diagnosis
  ---
  duration_ms: 1.267324
  type: 'test'
  ...
# Subtest: W766IR2-B input leases support exactly the six blocking owners
ok 97 - W766IR2-B input leases support exactly the six blocking owners
  ---
  duration_ms: 2.799546
  type: 'test'
  ...
# Subtest: W766IR2-B rejects duplicate acquire and unknown release while preserving active leases
ok 98 - W766IR2-B rejects duplicate acquire and unknown release while preserving active leases
  ---
  duration_ms: 5.190775
  type: 'test'
  ...
# Subtest: W766IR2-B releases every owner deterministically on disposal
ok 99 - W766IR2-B releases every owner deterministically on disposal
  ---
  duration_ms: 0.883745
  type: 'test'
  ...
# Subtest: W766IR2-G identifies only mature leases whose owning surface disappeared
ok 100 - W766IR2-G identifies only mature leases whose owning surface disappeared
  ---
  duration_ms: 0.817185
  type: 'test'
  ...
# Subtest: W766IR2-B survives twenty City Menu and accessible-map cycles without changing runtime identities
ok 101 - W766IR2-B survives twenty City Menu and accessible-map cycles without changing runtime identities
  ---
  duration_ms: 11.040116
  type: 'test'
  ...
# Subtest: W766IR2-B runtime routes every blocking surface through the named lease authority
ok 102 - W766IR2-B runtime routes every blocking surface through the named lease authority
  ---
  duration_ms: 13.674287
  type: 'test'
  ...
# Subtest: W766IR2-B accessible map fully styles controls and exposes all maintained outside actions
ok 103 - W766IR2-B accessible map fully styles controls and exposes all maintained outside actions
  ---
  duration_ms: 3.047242
  type: 'test'
  ...
# Subtest: W766IR2-B readiness view acquires and releases its movement lease explicitly
ok 104 - W766IR2-B readiness view acquires and releases its movement lease explicitly
  ---
  duration_ms: 10.615343
  type: 'test'
  ...
# Subtest: W766IR2-D keeps one stable content-addressed City cache in both workers
ok 105 - W766IR2-D keeps one stable content-addressed City cache in both workers
  ---
  duration_ms: 10.139933
  type: 'test'
  ...
# Subtest: W766IR2-F cache hit serves unchanged immutable, W649 and W659F bytes without another fetch
ok 106 - W766IR2-F cache hit serves unchanged immutable, W649 and W659F bytes without another fetch
  ---
  duration_ms: 84.565945
  type: 'test'
  ...
# Subtest: W766IR2-D changed hash downloads once while unchanged hashes remain local
ok 107 - W766IR2-D changed hash downloads once while unchanged hashes remain local
  ---
  duration_ms: 15.526488
  type: 'test'
  ...
# Subtest: W766IR2-D migrates prior release-specific City art before deleting the old owned cache
ok 108 - W766IR2-D migrates prior release-specific City art before deleting the old owned cache
  ---
  duration_ms: 8.399661
  type: 'test'
  ...
# Subtest: W766IR2-0 accepts only the four reviewed mount reasons with required evidence
ok 109 - W766IR2-0 accepts only the four reviewed mount reasons with required evidence
  ---
  duration_ms: 4.047187
  type: 'test'
  ...
# Subtest: W766IR2-0 identities are stable for the same browser objects and readiness events are bounded/private-safe
ok 110 - W766IR2-0 identities are stable for the same browser objects and readiness events are bounded/private-safe
  ---
  duration_ms: 6.325506
  type: 'test'
  ...
# Subtest: W766IR2-0 rejects a second access-station mount while a healthy runtime is active
ok 111 - W766IR2-0 rejects a second access-station mount while a healthy runtime is active
  ---
  duration_ms: 1.514709
  type: 'test'
  ...
# Subtest: W766IR2-0 source stages replacements and records runtime identity instead of destroying first
ok 112 - W766IR2-0 source stages replacements and records runtime identity instead of destroying first
  ---
  duration_ms: 16.216377
  type: 'test'
  ...
# Subtest: W766IR2-E build manifest covers canonical EONAPP routes and separates City bytes with SHA-256 integrity
ok 113 - W766IR2-E build manifest covers canonical EONAPP routes and separates City bytes with SHA-256 integrity
  ---
  duration_ms: 27.42347
  type: 'test'
  ...
# Subtest: W766IR2-E authenticated capability is bound to the deployed manifest and returns no private account data
ok 114 - W766IR2-E authenticated capability is bound to the deployed manifest and returns no private account data
  ---
  duration_ms: 106.910851
  type: 'test'
  ...
# Subtest: W766IR2-E atomically installs whole EONAPP + City, reloads both offline, keeps APIs truthful, and bypasses Local AI loopback
ok 115 - W766IR2-E atomically installs whole EONAPP + City, reloads both offline, keeps APIs truthful, and bypasses Local AI loopback
  ---
  duration_ms: 86.803558
  type: 'test'
  ...
# Subtest: W766IR2-E serves installed JSON, media and compressed City textures offline instead of bypassing the pack
ok 116 - W766IR2-E serves installed JSON, media and compressed City textures offline instead of bypassing the pack
  ---
  duration_ms: 16.365728
  type: 'test'
  ...
# Subtest: W766IR2-E requests best-effort persistent browser storage only during explicit installation
ok 117 - W766IR2-E requests best-effort persistent browser storage only during explicit installation
  ---
  duration_ms: 1.45698
  type: 'test'
  ...
# Subtest: W766IR2-E release updates reuse unchanged offline bytes and download only changed entries
ok 118 - W766IR2-E release updates reuse unchanged offline bytes and download only changed entries
  ---
  duration_ms: 54.1553
  type: 'test'
  ...
# Subtest: W766IR2-E City authorization expiry keeps core EONAPP and Local AI ready while denying offline City
ok 119 - W766IR2-E City authorization expiry keeps core EONAPP and Local AI ready while denying offline City
  ---
  duration_ms: 31.477943
  type: 'test'
  ...
# Subtest: W766IR2-E detects missing offline bytes and marks the installed pack for repair
ok 120 - W766IR2-E detects missing offline bytes and marks the installed pack for repair
  ---
  duration_ms: 22.757739
  type: 'test'
  ...
# Subtest: W766IR2-F detects wrong cached URLs even when the total entry count is unchanged
ok 121 - W766IR2-F detects wrong cached URLs even when the total entry count is unchanged
  ---
  duration_ms: 35.999824
  type: 'test'
  ...
# Subtest: W766IR2-E failed integrity repair preserves the previously active offline pack
ok 122 - W766IR2-E failed integrity repair preserves the previously active offline pack
  ---
  duration_ms: 21.649276
  type: 'test'
  ...
# Subtest: W766IR2-E offline City access requires a valid installed City pack and never invents cloud synchronization
ok 123 - W766IR2-E offline City access requires a valid installed City pack and never invents cloud synchronization
  ---
  duration_ms: 1.283102
  type: 'test'
  ...
# Subtest: W766IR2-E exposes truthful whole-app offline status and accepts only device-local AI endpoints
ok 124 - W766IR2-E exposes truthful whole-app offline status and accepts only device-local AI endpoints
  ---
  duration_ms: 3.579552
  type: 'test'
  ...
# Subtest: W766IR2-E serializes offline-pack mutations and requests persistent browser storage only from an explicit install flow
ok 125 - W766IR2-E serializes offline-pack mutations and requests persistent browser storage only from an explicit install flow
  ---
  duration_ms: 3.867444
  type: 'test'
  ...
# Subtest: W766IR2-G keeps remote Expanse review open until explicit Enter or Cancel
ok 126 - W766IR2-G keeps remote Expanse review open until explicit Enter or Cancel
  ---
  duration_ms: 4.121201
  type: 'test'
  ...
# Subtest: W766IR2-G performs atomic surface handoffs before opening a second blocking surface
ok 127 - W766IR2-G performs atomic surface handoffs before opening a second blocking surface
  ---
  duration_ms: 0.614124
  type: 'test'
  ...
# Subtest: W766IR2-G closes Transit synchronously and recovers hidden overlay leases
ok 128 - W766IR2-G closes Transit synchronously and recovers hidden overlay leases
  ---
  duration_ms: 0.666949
  type: 'test'
  ...
# Subtest: W766IR2-G keeps lightweight overlays at foreground FPS and suspends dock-cap sampling
ok 129 - W766IR2-G keeps lightweight overlays at foreground FPS and suspends dock-cap sampling
  ---
  duration_ms: 1.255006
  type: 'test'
  ...
# Subtest: W766IR2-G recovers an under-floor camera without remounting the runtime
ok 130 - W766IR2-G recovers an under-floor camera without remounting the runtime
  ---
  duration_ms: 1.386152
  type: 'test'
  ...
# Subtest: W766IR2-G preserves the complete visible Transit and Expanse click chains
ok 131 - W766IR2-G preserves the complete visible Transit and Expanse click chains
  ---
  duration_ms: 0.922947
  type: 'test'
  ...
# Subtest: W766IR2-G catches controller exceptions and leaves movement recoverable
ok 132 - W766IR2-G catches controller exceptions and leaves movement recoverable
  ---
  duration_ms: 1.422604
  type: 'test'
  ...
# Subtest: W766IR2-G keeps Expanse movement outside the Command Hub clamp and restores the Hub camera mode
ok 133 - W766IR2-G keeps Expanse movement outside the Command Hub clamp and restores the Hub camera mode
  ---
  duration_ms: 1.632223
  type: 'test'
  ...
# Subtest: W766IR2-G exposes a visible safe return control and truthful active world telemetry
ok 134 - W766IR2-G exposes a visible safe return control and truthful active world telemetry
  ---
  duration_ms: 1.309366
  type: 'test'
  ...
# Subtest: W766IR2-G final Preview gate proves the real failure path rather than calling internal overlay APIs
ok 135 - W766IR2-G final Preview gate proves the real failure path rather than calling internal overlay APIs
  ---
  duration_ms: 1.806443
  type: 'test'
  ...
# Subtest: W767A accepts only a visibly presented grounded hero asset
ok 136 - W767A accepts only a visibly presented grounded hero asset
  ---
  duration_ms: 7.202631
  type: 'test'
  ...
# Subtest: W767A rejects a promise-resolved asset with no visible renderable meshes
ok 137 - W767A rejects a promise-resolved asset with no visible renderable meshes
  ---
  duration_ms: 1.352573
  type: 'test'
  ...
# Subtest: W767A rejects incorrectly scaled, floating or misplaced assets
ok 138 - W767A rejects incorrectly scaled, floating or misplaced assets
  ---
  duration_ms: 6.54061
  type: 'test'
  ...
# Subtest: companion continuity projects the rescue sequence without a second identity
ok 139 - companion continuity projects the rescue sequence without a second identity
  ---
  duration_ms: 1.730817
  type: 'test'
  ...
# Subtest: bonded EONBOT follows in Expanse and remains in Transit formation
ok 140 - bonded EONBOT follows in Expanse and remains in Transit formation
  ---
  duration_ms: 0.376045
  type: 'test'
  ...
# Subtest: Hub continuity keeps the one canonical companion visible
ok 141 - Hub continuity keeps the one canonical companion visible
  ---
  duration_ms: 4.01782
  type: 'test'
  ...
# Subtest: legacy review-only ledgers migrate into the rescue prologue without losing the reviewed step
ok 142 - legacy review-only ledgers migrate into the rescue prologue without losing the reviewed step
  ---
  duration_ms: 16.827247
  type: 'test'
  ...
# Subtest: legacy entered campaigns restore companion continuity without resetting XP or Beyond progress
ok 143 - legacy entered campaigns restore companion continuity without resetting XP or Beyond progress
  ---
  duration_ms: 1.683123
  type: 'test'
  ...
# Subtest: W767A keeps exactly one canonical EONBOT identity across Hub and Expanse
ok 144 - W767A keeps exactly one canonical EONBOT identity across Hub and Expanse
  ---
  duration_ms: 2.8957
  type: 'test'
  ...
# Subtest: W767A entry, rescue, Transit and return all synchronize the companion projection
ok 145 - W767A entry, rescue, Transit and return all synchronize the companion projection
  ---
  duration_ms: 3.779203
  type: 'test'
  ...
# Subtest: W767A provides a physical rescue sequence and a compact first-arrival explanation
ok 146 - W767A provides a physical rescue sequence and a compact first-arrival explanation
  ---
  duration_ms: 0.75527
  type: 'test'
  ...
# Subtest: W767A hero fallbacks are suppressed only after asset-truth presentation passes
ok 147 - W767A hero fallbacks are suppressed only after asset-truth presentation passes
  ---
  duration_ms: 0.521696
  type: 'test'
  ...
# Subtest: W767B ground circuit route is bounded and points toward the active target
ok 148 - W767B ground circuit route is bounded and points toward the active target
  ---
  duration_ms: 1.768675
  type: 'test'
  ...
# Subtest: W767B label arbitration keeps one objective and at most two visible nearby interactions
ok 149 - W767B label arbitration keeps one objective and at most two visible nearby interactions
  ---
  duration_ms: 2.033145
  type: 'test'
  ...
# Subtest: W767B guide controller requires explicit action and leads EONBOT ahead without teleporting to the objective
ok 150 - W767B guide controller requires explicit action and leads EONBOT ahead without teleporting to the objective
  ---
  duration_ms: 4.374121
  type: 'test'
  ...
# Subtest: W767B isolates Command Hub markers and launchers while Expanse is active
ok 151 - W767B isolates Command Hub markers and launchers while Expanse is active
  ---
  duration_ms: 1.940787
  type: 'test'
  ...
# Subtest: W767B exposes an Expanse-only HUD and explicit EONBOT guidance control
ok 152 - W767B exposes an Expanse-only HUD and explicit EONBOT guidance control
  ---
  duration_ms: 0.601662
  type: 'test'
  ...
# Subtest: W767B renders bounded ground-circuit route segments from player to objective
ok 153 - W767B renders bounded ground-circuit route segments from player to objective
  ---
  duration_ms: 2.39591
  type: 'test'
  ...
1..153
# tests 153
# suites 0
# pass 153
# fail 0
# cancelled 0
# skipped 0
# todo 0
# duration_ms 3205.165389
